// Jest Snapshot v1, https://goo.gl/fbAQLP

exports[`Login should match form snapshot 1`] = `
<form
  className="form"
>
  <label
    className="form-field"
    htmlFor="email"
  >
    <span>
      E-mail:
    </span>
    <input
      name="email"
      onChange={[MockFunction]}
      type="email"
    />
  </label>
  <div
    className="form-field-error"
  />
  <label
    className="form-field"
    htmlFor="password"
  >
    <span>
      Password:
    </span>
    <input
      name="password"
      onChange={[MockFunction]}
      type="password"
    />
  </label>
  <div
    className="form-field-error"
  />
  <button
    onClick={[MockFunction]}
    type="submit"
    variant="contained"
  >
    Login
  </button>
</form>
`;

exports[`Login should match formik snapshot 1`] = `
ShallowWrapper {
  "length": 1,
  Symbol(enzyme.__root__): [Circular],
  Symbol(enzyme.__unrendered__): <Login />,
  Symbol(enzyme.__renderer__): Object {
    "batchedUpdates": [Function],
    "getNode": [Function],
    "render": [Function],
    "simulateEvent": [Function],
    "unmount": [Function],
  },
  Symbol(enzyme.__node__): Object {
    "instance": null,
    "key": undefined,
    "nodeType": "class",
    "props": Object {
      "enableReinitialize": false,
      "initialValues": null,
      "isInitialValid": false,
      "onSubmit": [Function],
      "render": [Function],
      "validateOnBlur": true,
      "validateOnChange": true,
      "validationSchema": [Function],
    },
    "ref": null,
    "rendered": null,
    "type": [Function],
  },
  Symbol(enzyme.__nodes__): Array [
    Object {
      "instance": null,
      "key": undefined,
      "nodeType": "class",
      "props": Object {
        "enableReinitialize": false,
        "initialValues": null,
        "isInitialValid": false,
        "onSubmit": [Function],
        "render": [Function],
        "validateOnBlur": true,
        "validateOnChange": true,
        "validationSchema": [Function],
      },
      "ref": null,
      "rendered": null,
      "type": [Function],
    },
  ],
  Symbol(enzyme.__options__): Object {
    "adapter": ReactSixteenAdapter {
      "options": Object {
        "enableComponentDidUpdateOnSetState": true,
      },
    },
  },
}
`;
