// Jest Snapshot v1, https://goo.gl/fbAQLP

exports[`Signup should match form snapshot 1`] = `
<form
  className="form"
>
  <label
    className="form-field"
    htmlFor="email"
  >
    <span>
      E-mail:
    </span>
    <input
      name="email"
      onChange={[MockFunction]}
      type="email"
    />
  </label>
  <div
    className="form-field-error"
  />
  <label
    className="form-field"
    htmlFor="password"
  >
    <span>
      Password:
    </span>
    <input
      name="password"
      onChange={[MockFunction]}
      type="password"
    />
  </label>
  <div
    className="form-field-error"
  />
  <label
    className="form-field"
    htmlFor="passwordConfirmation"
  >
    <span>
      Confirm password:
    </span>
    <input
      name="passwordConfirmation"
      onChange={[MockFunction]}
      type="password"
    />
  </label>
  <div
    className="form-field-error"
  />
  <button
    onClick={[MockFunction]}
    type="submit"
    variant="contained"
  >
    Signup
  </button>
</form>
`;

exports[`Signup should match snapshot 1`] = `"<Formik initialValues={{...}} validate={[Function]} onSubmit={[Function]} render={[Function]} validateOnChange={true} validateOnBlur={true} isInitialValid={false} enableReinitialize={false} />"`;
