// Jest Snapshot v1, https://goo.gl/fbAQLP

exports[`App should render the application 1`] = `
"<Symbol(react.fragment)>
  <h1>
    Hello World!
  </h1>
  <Login />
  <Signup />
</Symbol(react.fragment)>"
`;
